<html>
<body>
<pre>
<h1>µVision Build Log</h1>
<h2>Tool Versions:</h2>
IDE-Version: µVision V5.23.0.0
Copyright (C) 2017 ARM Ltd and ARM Germany GmbH. All rights reserved.
License Information: Burak Yoruk, none, LIC=----
 
Tool Versions:
Toolchain:       MDK-Lite  Version: 5.23
Toolchain Path:  C:\Keil_v5\ARM\ARMCC\Bin
C Compiler:      Armcc.exe V5.06 update 4 (build 422)
Assembler:       Armasm.exe V5.06 update 4 (build 422)
Linker/Locator:  ArmLink.exe V5.06 update 4 (build 422)
Library Manager: ArmAr.exe V5.06 update 4 (build 422)
Hex Converter:   FromElf.exe V5.06 update 4 (build 422)
CPU DLL:         SARMCM3.DLL V5.23
Dialog DLL:      DCM.DLL V1.15.0.0
Target DLL:      UL2CM3.DLL V1.159.7.0
Dialog DLL:      TCM.DLL V1.27.0.0
 
<h2>Project:</h2>
D:\Belgeler\Elektronik\Projeler\Emronic staj\Programming\GPIO_INPUT\Burak_STM32\stm32F.uvprojx
Project File Date:  08/13/2017

<h2>Output:</h2>
*** Using Compiler 'V5.06 update 4 (build 422)', folder: 'C:\Keil_v5\ARM\ARMCC\Bin'
Build target 'Target 1'
compiling MAIN.C...
gpio_by.h(26): warning:  #1-D: last line of file ends without a newline
  		
MAIN.C: 1 warning, 0 errors
linking...
Program Size: Code=2812 RO-data=268 RW-data=100 ZI-data=1636  
FromELF: creating hex file...
".\Objects\stm32F.axf" - 0 Error(s), 1 Warning(s).

<h2>Software Packages used:</h2>

Package Vendor: ARM
                http://www.keil.com/pack/ARM.CMSIS.5.0.1.pack
                ARM::CMSIS:CORE:5.0.1
                CMSIS (Cortex Microcontroller Software Interface Standard)
   * Component: CORE Version: 5.0.1

Package Vendor: Keil
                http://www.keil.com/pack/Keil.STM32F1xx_DFP.2.2.0.pack
                Keil::Device:Startup:1.0.0
                STMicroelectronics STM32F1 Series Device Support, Drivers and Examples
   * Component: Startup Version: 1.0.0
   * Component: ADC Version: 3.5.0
   * Component: BKP Version: 3.5.0
   * Component: Framework Version: 3.5.1
   * Component: DAC Version: 3.5.0
   * Component: CAN Version: 3.5.0
   * Component: GPIO Version: 1.3
   * Component: IWDG Version: 3.5.0
   * Component: CEC Version: 3.5.0
   * Component: DBGMCU Version: 3.5.0
   * Component: SDIO Version: 3.5.0
   * Component: PWR Version: 3.5.0
   * Component: DMA Version: 1.2
   * Component: FSMC Version: 3.5.0
   * Component: RCC Version: 3.5.0
   * Component: I2C Version: 3.5.0
   * Component: DMA Version: 3.5.0
   * Component: EXTI Version: 3.5.0
   * Component: Flash Version: 3.5.0
   * Component: TIM Version: 3.5.0
   * Component: RTC Version: 3.5.0
   * Component: USART Version: 3.5.0
   * Component: CRC Version: 3.5.0
   * Component: GPIO Version: 3.5.0
   * Component: SPI Version: 3.5.0
   * Component: WWDG Version: 3.5.0

<h2>Collection of Component include folders:</h2>
  .\RTE\Device\STM32F103R8
  .\RTE\_Target_1
  C:\Keil_v5\ARM\PACK\ARM\CMSIS\5.0.1\CMSIS\Include
  C:\Keil_v5\ARM\PACK\Keil\STM32F1xx_DFP\2.2.0\Device\Include
  C:\Keil_v5\ARM\PACK\Keil\STM32F1xx_DFP\2.2.0\Device\StdPeriph_Driver\inc
  C:\Keil_v5\ARM\PACK\Keil\STM32F1xx_DFP\2.2.0\RTE_Driver

<h2>Collection of Component Files used:</h2>

   * Component: ARM::CMSIS:CORE:5.0.1

   * Component: Keil::Device:Startup:1.0.0
      Source file:   Device\Source\system_stm32f10x.c
      Source file:   Device\Source\ARM\STM32F1xx_OPT.s
      Include file:  RTE_Driver\Config\RTE_Device.h
      Source file:   Device\Source\ARM\startup_stm32f10x_md.s

   * Component: Keil::Device:StdPeriph Drivers:ADC:3.5.0
      Source file:   Device\StdPeriph_Driver\src\stm32f10x_adc.c
      Include file:  Device\StdPeriph_Driver\inc\stm32f10x_adc.h

   * Component: Keil::Device:StdPeriph Drivers:BKP:3.5.0
      Source file:   Device\StdPeriph_Driver\src\stm32f10x_bkp.c
      Include file:  Device\StdPeriph_Driver\inc\stm32f10x_bkp.h

   * Component: Keil::Device:StdPeriph Drivers:Framework:3.5.1
      Source file:   Device\StdPeriph_Driver\templates\stm32f10x_it.c
      Source file:   Device\StdPeriph_Driver\src\misc.c
      Include file:  Device\StdPeriph_Driver\inc\misc.h
      Include file:  Device\StdPeriph_Driver\templates\stm32f10x_it.h
      Source file:   Device\StdPeriph_Driver\templates\stm32f10x_conf.h

   * Component: Keil::Device:StdPeriph Drivers:DAC:3.5.0
      Include file:  Device\StdPeriph_Driver\inc\stm32f10x_dac.h
      Source file:   Device\StdPeriph_Driver\src\stm32f10x_dac.c

   * Component: Keil::Device:StdPeriph Drivers:CAN:3.5.0
      Include file:  Device\StdPeriph_Driver\inc\stm32f10x_can.h
      Source file:   Device\StdPeriph_Driver\src\stm32f10x_can.c

   * Component: Keil::Device:GPIO:1.3
      Source file:   RTE_Driver\GPIO_STM32F10x.c
      Include file:  RTE_Driver\GPIO_STM32F10x.h

   * Component: Keil::Device:StdPeriph Drivers:IWDG:3.5.0
      Include file:  Device\StdPeriph_Driver\inc\stm32f10x_iwdg.h
      Source file:   Device\StdPeriph_Driver\src\stm32f10x_iwdg.c

   * Component: Keil::Device:StdPeriph Drivers:CEC:3.5.0
      Source file:   Device\StdPeriph_Driver\src\stm32f10x_cec.c
      Include file:  Device\StdPeriph_Driver\inc\stm32f10x_cec.h

   * Component: Keil::Device:StdPeriph Drivers:DBGMCU:3.5.0
      Source file:   Device\StdPeriph_Driver\src\stm32f10x_dbgmcu.c
      Include file:  Device\StdPeriph_Driver\inc\stm32f10x_dbgmcu.h

   * Component: Keil::Device:StdPeriph Drivers:SDIO:3.5.0
      Source file:   Device\StdPeriph_Driver\src\stm32f10x_sdio.c
      Include file:  Device\StdPeriph_Driver\inc\stm32f10x_sdio.h

   * Component: Keil::Device:StdPeriph Drivers:PWR:3.5.0
      Include file:  Device\StdPeriph_Driver\inc\stm32f10x_pwr.h
      Source file:   Device\StdPeriph_Driver\src\stm32f10x_pwr.c

   * Component: Keil::Device:DMA:1.2
      Include file:  RTE_Driver\DMA_STM32F10x.h
      Source file:   RTE_Driver\DMA_STM32F10x.c

   * Component: Keil::Device:StdPeriph Drivers:FSMC:3.5.0
      Include file:  Device\StdPeriph_Driver\inc\stm32f10x_fsmc.h
      Source file:   Device\StdPeriph_Driver\src\stm32f10x_fsmc.c

   * Component: Keil::Device:StdPeriph Drivers:RCC:3.5.0
      Include file:  Device\StdPeriph_Driver\inc\stm32f10x_rcc.h
      Source file:   Device\StdPeriph_Driver\src\stm32f10x_rcc.c

   * Component: Keil::Device:StdPeriph Drivers:I2C:3.5.0
      Source file:   Device\StdPeriph_Driver\src\stm32f10x_i2c.c
      Include file:  Device\StdPeriph_Driver\inc\stm32f10x_i2c.h

   * Component: Keil::Device:StdPeriph Drivers:DMA:3.5.0
      Include file:  Device\StdPeriph_Driver\inc\stm32f10x_dma.h
      Source file:   Device\StdPeriph_Driver\src\stm32f10x_dma.c

   * Component: Keil::Device:StdPeriph Drivers:EXTI:3.5.0
      Include file:  Device\StdPeriph_Driver\inc\stm32f10x_exti.h
      Source file:   Device\StdPeriph_Driver\src\stm32f10x_exti.c

   * Component: Keil::Device:StdPeriph Drivers:Flash:3.5.0
      Include file:  Device\StdPeriph_Driver\inc\stm32f10x_flash.h
      Source file:   Device\StdPeriph_Driver\src\stm32f10x_flash.c

   * Component: Keil::Device:StdPeriph Drivers:TIM:3.5.0
      Include file:  Device\StdPeriph_Driver\inc\stm32f10x_tim.h
      Source file:   Device\StdPeriph_Driver\src\stm32f10x_tim.c

   * Component: Keil::Device:StdPeriph Drivers:RTC:3.5.0
      Include file:  Device\StdPeriph_Driver\inc\stm32f10x_rtc.h
      Source file:   Device\StdPeriph_Driver\src\stm32f10x_rtc.c

   * Component: Keil::Device:StdPeriph Drivers:USART:3.5.0
      Source file:   Device\StdPeriph_Driver\src\stm32f10x_usart.c
      Include file:  Device\StdPeriph_Driver\inc\stm32f10x_usart.h

   * Component: Keil::Device:StdPeriph Drivers:CRC:3.5.0
      Include file:  Device\StdPeriph_Driver\inc\stm32f10x_crc.h
      Source file:   Device\StdPeriph_Driver\src\stm32f10x_crc.c

   * Component: Keil::Device:StdPeriph Drivers:GPIO:3.5.0
      Include file:  Device\StdPeriph_Driver\inc\stm32f10x_gpio.h
      Source file:   Device\StdPeriph_Driver\src\stm32f10x_gpio.c

   * Component: Keil::Device:StdPeriph Drivers:SPI:3.5.0
      Include file:  Device\StdPeriph_Driver\inc\stm32f10x_spi.h
      Source file:   Device\StdPeriph_Driver\src\stm32f10x_spi.c

   * Component: Keil::Device:StdPeriph Drivers:WWDG:3.5.0
      Source file:   Device\StdPeriph_Driver\src\stm32f10x_wwdg.c
      Include file:  Device\StdPeriph_Driver\inc\stm32f10x_wwdg.h
Build Time Elapsed:  00:00:01
</pre>
</body>
</html>
