<html>
<body>
<pre>
<h1>µVision Build Log</h1>
<h2>Tool Versions:</h2>
IDE-Version: µVision V5.23.0.0
Copyright (C) 2017 ARM Ltd and ARM Germany GmbH. All rights reserved.
License Information: Burak Yoruk, none, LIC=----
 
Tool Versions:
Toolchain:       MDK-Lite  Version: 5.23
Toolchain Path:  C:\Keil_v5\ARM\ARMCC\Bin
C Compiler:      Armcc.exe V5.06 update 4 (build 422)
Assembler:       Armasm.exe V5.06 update 4 (build 422)
Linker/Locator:  ArmLink.exe V5.06 update 4 (build 422)
Library Manager: ArmAr.exe V5.06 update 4 (build 422)
Hex Converter:   FromElf.exe V5.06 update 4 (build 422)
CPU DLL:         SARMCM3.DLL V5.23
Dialog DLL:      DCM.DLL V1.15.0.0
Target DLL:      STLink\ST-LINKIII-KEIL_SWO.dll V2.0.18.0
Dialog DLL:      TCM.DLL V1.27.0.0
 
<h2>Project:</h2>
D:\Belgeler\Elektronik\Projeler\Emronic staj\Programming\LED\LED-Alfa\Led_Karasimsek.uvprojx
Project File Date:  05/29/2017

<h2>Output:</h2>
*** Using Compiler 'V5.06 update 4 (build 422)', folder: 'C:\Keil_v5\ARM\ARMCC\Bin'
Build target 'Target 1'
compiling misc.c...
compiling stm32f10x_rcc.c...
compiling main.c...
main.c(153): warning:  #128-D: loop is not reachable
  while(1);
main.c(161): warning:  #9-D: nested comment is not allowed
  	RCC->APB2ENR |= (1UL << 2);                /* Enable GPIOA clock 				 
main.c(163): warning:  #9-D: nested comment is not allowed
  	RCC->APB2ENR |=  1 <<  4;                    /* Enable GPIOC clock          
main.c(167): warning:  #9-D: nested comment is not allowed
  	GPIOA->CRL   = 0xFFFFFF3F;                  /* Configure the GPIO for LEDs  | GPIOA = port A -> 1    
main.c(173): warning:  #9-D: nested comment is not allowed
  	GPIOA->CRL   = 0xFFFFFFF3;                  /* Configure the GPIO for LEDs  |     
main.c(179): warning:  #9-D: nested comment is not allowed
  	GPIOC->CRL   = 0xFFFF3FFF;                  /* Configure the GPIO for LEDs  | GPIOA = port C -> 3    
main.c(185): warning:  #9-D: nested comment is not allowed
  	GPIOC->CRL   = 0xFFFFF3FF;                  /* Configure the GPIO for LEDs  | GPIOA = port C -> 2    
main.c(191): warning:  #9-D: nested comment is not allowed
  	GPIOC->CRL   = 0xFFFF3FFF;                  /* Configure the GPIO for LEDs  | GPIOA = port C -> 3    
main.c(197): warning:  #9-D: nested comment is not allowed
  	GPIOA->CRL   = 0xFFFFFFF3;                  /* Configure the GPIO for LEDs  | GPIOA = port A -> 0     
main.c(203): warning:  #1-D: last line of file ends without a newline
  */
main.c: 10 warnings, 0 errors
assembling startup_stm32f10x_md.s...
compiling system_stm32f10x.c...
linking...
Program Size: Code=1176 RO-data=268 RW-data=24 ZI-data=1632  
FromELF: creating hex file...
".\Objects\ddsds.axf" - 0 Error(s), 10 Warning(s).

<h2>Software Packages used:</h2>

Package Vendor: ARM
                http://www.keil.com/pack/ARM.CMSIS.5.2.0.pack
                ARM::CMSIS:CORE:5.0.2
                CMSIS (Cortex Microcontroller Software Interface Standard)
   * Component: CORE Version: 5.0.2

Package Vendor: Keil
                http://www.keil.com/pack/Keil.STM32F1xx_DFP.2.2.0.pack
                Keil::Device:StdPeriph Drivers:Framework:3.5.1
                STMicroelectronics STM32F1 Series Device Support, Drivers and Examples
   * Component: Framework Version: 3.5.1
   * Component: Startup Version: 1.0.0
   * Component: RCC Version: 3.5.0

<h2>Collection of Component include folders:</h2>
  .\RTE\Device\STM32F103R8
  .\RTE\_Target_1
  C:\Keil_v5\ARM\PACK\ARM\CMSIS\5.2.0\CMSIS\Include
  C:\Keil_v5\ARM\PACK\Keil\STM32F1xx_DFP\2.2.0\Device\Include
  C:\Keil_v5\ARM\PACK\Keil\STM32F1xx_DFP\2.2.0\Device\StdPeriph_Driver\inc

<h2>Collection of Component Files used:</h2>

   * Component: ARM::CMSIS:CORE:5.0.2

   * Component: Keil::Device:StdPeriph Drivers:Framework:3.5.1
      Source file:   Device\StdPeriph_Driver\src\misc.c
      Source file:   Device\StdPeriph_Driver\templates\stm32f10x_conf.h
      Include file:  Device\StdPeriph_Driver\templates\stm32f10x_it.h
      Source file:   Device\StdPeriph_Driver\templates\stm32f10x_it.c
      Include file:  Device\StdPeriph_Driver\inc\misc.h

   * Component: Keil::Device:Startup:1.0.0
      Source file:   Device\Source\ARM\STM32F1xx_OPT.s
      Include file:  RTE_Driver\Config\RTE_Device.h
      Source file:   Device\Source\ARM\startup_stm32f10x_md.s
      Source file:   Device\Source\system_stm32f10x.c

   * Component: Keil::Device:StdPeriph Drivers:RCC:3.5.0
      Include file:  Device\StdPeriph_Driver\inc\stm32f10x_rcc.h
      Source file:   Device\StdPeriph_Driver\src\stm32f10x_rcc.c
Build Time Elapsed:  00:00:02
</pre>
</body>
</html>
