<html>
<body>
<pre>
<h1>µVision Build Log</h1>
<h2>Tool Versions:</h2>
IDE-Version: µVision V5.23.0.0
Copyright (C) 2017 ARM Ltd and ARM Germany GmbH. All rights reserved.
License Information: Burak Yoruk, none, LIC=----
 
Tool Versions:
Toolchain:       MDK-Lite  Version: 5.23
Toolchain Path:  C:\Keil_v5\ARM\ARMCC\Bin
C Compiler:      Armcc.exe V5.06 update 4 (build 422)
Assembler:       Armasm.exe V5.06 update 4 (build 422)
Linker/Locator:  ArmLink.exe V5.06 update 4 (build 422)
Library Manager: ArmAr.exe V5.06 update 4 (build 422)
Hex Converter:   FromElf.exe V5.06 update 4 (build 422)
CPU DLL:         SARMCM3.DLL V5.23
Dialog DLL:      DCM.DLL V1.15.0.0
Target DLL:      STLink\ST-LINKIII-KEIL_SWO.dll V2.0.18.0
Dialog DLL:      TCM.DLL V1.27.0.0
 
<h2>Project:</h2>
D:\Belgeler\Elektronik\Projeler\Emronic staj\Programming\GPIO_Buzzer\MDK-ARM\GPIO_Buzzer.uvprojx
Project File Date:  02/08/2018

<h2>Output:</h2>
*** Using Compiler 'V5.06 update 4 (build 422)', folder: 'C:\Keil_v5\ARM\ARMCC\Bin'
Build target 'GPIO_Buzzer'
compiling stm32f1xx_it.c...
compiling main.c...
../Src/main.c(68): warning:  #188-D: enumerated type mixed with another type
  			HAL_GPIO_WritePin(
uzzer_GPIO_Port,
uzzer_Pin,1);
../Src/main.c(72): warning:  #188-D: enumerated type mixed with another type
  			HAL_GPIO_WritePin(
uzzer_GPIO_Port,
uzzer_Pin,1);
../Src/main.c(76): warning:  #188-D: enumerated type mixed with another type
  			HAL_GPIO_WritePin(
uzzer_GPIO_Port,
uzzer_Pin,1);
../Src/main.c(81): warning:  #188-D: enumerated type mixed with another type
  			HAL_GPIO_WritePin(
uzzer_GPIO_Port,
uzzer_Pin,0);
../Src/main.c(82): warning:  #188-D: enumerated type mixed with another type
  			HAL_GPIO_WritePin(
W5_GPIO_Port,
W5_Pin,1);
../Src/main.c: 5 warnings, 0 errors
compiling gpio.c...
compiling stm32f1xx_hal_tim_ex.c...
compiling stm32f1xx_hal_msp.c...
compiling stm32f1xx_hal_rcc_ex.c...
compiling stm32f1xx_hal.c...
compiling stm32f1xx_hal_cortex.c...
compiling stm32f1xx_hal_flash_ex.c...
compiling stm32f1xx_hal_tim.c...
compiling stm32f1xx_hal_gpio_ex.c...
compiling stm32f1xx_hal_dma.c...
compiling stm32f1xx_hal_flash.c...
compiling stm32f1xx_hal_pwr.c...
compiling stm32f1xx_hal_rcc.c...
compiling system_stm32f1xx.c...
compiling stm32f1xx_hal_gpio.c...
linking...
Program Size: Code=2668 RO-data=284 RW-data=8 ZI-data=1024  
FromELF: creating hex file...
"GPIO_Buzzer\GPIO_Buzzer.axf" - 0 Error(s), 5 Warning(s).

<h2>Software Packages used:</h2>

Package Vendor: ARM
                http://www.keil.com/pack/ARM.CMSIS.5.0.1.pack
                ARM::CMSIS:CORE:5.0.1
                CMSIS (Cortex Microcontroller Software Interface Standard)
   * Component: CORE Version: 5.0.1

<h2>Collection of Component include folders:</h2>
  .\RTE\_GPIO_Buzzer
  C:\Keil_v5\ARM\PACK\ARM\CMSIS\5.0.1\CMSIS\Include
  C:\Keil_v5\ARM\PACK\Keil\STM32F1xx_DFP\2.2.0\Device\Include

<h2>Collection of Component Files used:</h2>

   * Component: ARM::CMSIS:CORE:5.0.1
Build Time Elapsed:  00:00:12
</pre>
</body>
</html>
